[netgon.ru/themeforest/yourtravelworld_html/index.html]
[backblue.gif]
[fade.gif]
[index.html]
[netgon.ru/themeforest/yourtravelworld_html/img/touch/apple-touch-icon.png]
[netgon.ru/themeforest/yourtravelworld_html/css/jquery-ui.structure.min.css]
[netgon.ru/themeforest/yourtravelworld_html/css/jquery-ui.theme.min.css]
[netgon.ru/themeforest/yourtravelworld_html/css/bootstrap.min.css]
[netgon.ru/themeforest/yourtravelworld_html/css/flatpickr.min.css]
[netgon.ru/themeforest/yourtravelworld_html/css/font-awesome.min.css]
[netgon.ru/themeforest/yourtravelworld_html/css/fontawesome-stars-o.css]
[netgon.ru/themeforest/yourtravelworld_html/css/swiper.min.css]
[netgon.ru/themeforest/yourtravelworld_html/css/jquery.mCustomScrollbar.min.css]
[netgon.ru/themeforest/yourtravelworld_html/css/select2.min.css]
[netgon.ru/themeforest/yourtravelworld_html/css/nouislider.min.css]
[netgon.ru/themeforest/yourtravelworld_html/css/blueimp-gallery.min.css]
[netgon.ru/themeforest/yourtravelworld_html/style.min.css]
[netgon.ru/themeforest/yourtravelworld_html/skins/style-default.css]
[netgon.ru/themeforest/yourtravelworld_html/css/bootstrap-rtl.min.css]
[netgon.ru/themeforest/yourtravelworld_html/img/facebook.png]
[netgon.ru/themeforest/yourtravelworld_html/img/google-plus.png]
[netgon.ru/themeforest/yourtravelworld_html/index-2.html]
[netgon.ru/themeforest/yourtravelworld_html/img/logo.png]
[netgon.ru/themeforest/yourtravelworld_html/index-account.html]
[netgon.ru/themeforest/yourtravelworld_html/index-video.html]
[netgon.ru/themeforest/yourtravelworld_html/hotel.html]
[netgon.ru/themeforest/yourtravelworld_html/flights.html]
[netgon.ru/themeforest/yourtravelworld_html/category.html]
[netgon.ru/themeforest/yourtravelworld_html/about.html]
[netgon.ru/themeforest/yourtravelworld_html/blog-list.html]
[netgon.ru/themeforest/yourtravelworld_html/blog-post.html]
[netgon.ru/themeforest/yourtravelworld_html/hotel-services.html]
[netgon.ru/themeforest/yourtravelworld_html/hotel-accommodation.html]
[netgon.ru/themeforest/yourtravelworld_html/hotel-reviews.html]
[netgon.ru/themeforest/yourtravelworld_html/booking-traveler.html]
[netgon.ru/themeforest/yourtravelworld_html/booking-payment.html]
[netgon.ru/themeforest/yourtravelworld_html/booking-confirm.html]
[netgon.ru/themeforest/yourtravelworld_html/contacts.html]
[netgon.ru/themeforest/yourtravelworld_html/shortcodes.html]
[netgon.ru/themeforest/yourtravelworld_html/img/intro/item-1.jpg]
[netgon.ru/themeforest/yourtravelworld_html/img/intro/item-2.jpg]
[netgon.ru/themeforest/yourtravelworld_html/img/intro/item-3.jpg]
[netgon.ru/themeforest/yourtravelworld_html/img/intro/item-4.jpg]
[netgon.ru/themeforest/yourtravelworld_html/img/intro/item-5.jpg]
[netgon.ru/themeforest/yourtravelworld_html/img/hotels/item-1.jpg]
[netgon.ru/themeforest/yourtravelworld_html/img/hotels/item-2.jpg]
[netgon.ru/themeforest/yourtravelworld_html/img/hotels/item-3.jpg]
[netgon.ru/themeforest/yourtravelworld_html/img/hotels/item-4.jpg]
[netgon.ru/themeforest/yourtravelworld_html/img/hotels/item-5.jpg]
[netgon.ru/themeforest/yourtravelworld_html/img/hotels/item-7.jpg]
[netgon.ru/themeforest/yourtravelworld_html/img/hotels/item-8.jpg]
[netgon.ru/themeforest/yourtravelworld_html/img/hotels/item-9.jpg]
[netgon.ru/themeforest/yourtravelworld_html/img/hotels/item-10.jpg]
[netgon.ru/themeforest/yourtravelworld_html/img/hotels/item-11.jpg]
[netgon.ru/themeforest/yourtravelworld_html/img/hotels/item-12.jpg]
[netgon.ru/themeforest/yourtravelworld_html/img/hotels/item-13.jpg]
[netgon.ru/themeforest/yourtravelworld_html/img/hotels/item-14.jpg]
[netgon.ru/themeforest/yourtravelworld_html/img/hotels/item-15.jpg]
[netgon.ru/themeforest/yourtravelworld_html/img/footer.jpg]
[netgon.ru/themeforest/yourtravelworld_html/js/maps.js]
[netgon.ru/themeforest/yourtravelworld_html/js/libs/wNumb.js]
[netgon.ru/themeforest/yourtravelworld_html/js/libs/moment.min.js]
[netgon.ru/themeforest/yourtravelworld_html/js/libs/nouislider.min.js]
[netgon.ru/themeforest/yourtravelworld_html/js/libs/barba.min.js]
[netgon.ru/themeforest/yourtravelworld_html/js/libs/jquery-ui.min.js]
[netgon.ru/themeforest/yourtravelworld_html/js/libs/jquery.min.js]
[netgon.ru/themeforest/yourtravelworld_html/js/libs/sticky-kit.min.js]
[netgon.ru/themeforest/yourtravelworld_html/js/libs/velocity.ui.min.js]
[netgon.ru/themeforest/yourtravelworld_html/js/libs/velocity.min.js]
[netgon.ru/themeforest/yourtravelworld_html/js/libs/jquery.waypoints.min.js]
[netgon.ru/themeforest/yourtravelworld_html/js/libs/popper.min.js]
[netgon.ru/themeforest/yourtravelworld_html/js/libs/bootstrap.min.js]
[netgon.ru/themeforest/yourtravelworld_html/js/libs/imagesloaded.pkgd.min.js]
[netgon.ru/themeforest/yourtravelworld_html/js/libs/masonry.pkgd.min.js]
[netgon.ru/themeforest/yourtravelworld_html/js/libs/isotope.pkgd.min.js]
[netgon.ru/themeforest/yourtravelworld_html/js/libs/ofi.min.js]
[netgon.ru/themeforest/yourtravelworld_html/js/libs/jarallax.min.js]
[netgon.ru/themeforest/yourtravelworld_html/js/libs/jarallax-video.min.js]
[netgon.ru/themeforest/yourtravelworld_html/js/libs/jarallax-element.min.js]
[netgon.ru/themeforest/yourtravelworld_html/js/libs/jquery.mCustomScrollbar.min.js]
[netgon.ru/themeforest/yourtravelworld_html/js/libs/swiper.min.js]
[netgon.ru/themeforest/yourtravelworld_html/js/libs/flatpickr/flatpickr.min.js]
[netgon.ru/themeforest/yourtravelworld_html/js/libs/flatpickr/rangePlugin.js]
[netgon.ru/themeforest/yourtravelworld_html/js/libs/select2.min.js]
[netgon.ru/themeforest/yourtravelworld_html/js/libs/select2/en.js]
[netgon.ru/themeforest/yourtravelworld_html/js/libs/jquery.mask.min.js]
[netgon.ru/themeforest/yourtravelworld_html/js/libs/validator.min.js]
[netgon.ru/themeforest/yourtravelworld_html/js/libs/jquery.barrating.min.js]
[netgon.ru/themeforest/yourtravelworld_html/js/libs/jquery.blueimp-gallery.min.js]
[netgon.ru/themeforest/yourtravelworld_html/js/script.min.js]
[netgon.ru/themeforest/yourtravelworld_html/js/demo-switcher.js]
[netgon.ru/themeforest/yourtravelworld_html/index.html]
[netgon.ru/themeforest/yourtravelworld_html/img/touch/chrome-touch-icon-192x192.png]
[netgon.ru/themeforest/yourtravelworld_html/css/jquery-ui.structure.min.css]
[netgon.ru/themeforest/yourtravelworld_html/css/jquery-ui.theme.min.css]
[netgon.ru/themeforest/yourtravelworld_html/css/bootstrap.min.css]
[netgon.ru/themeforest/yourtravelworld_html/css/flatpickr.min.css]
[netgon.ru/themeforest/yourtravelworld_html/fonts/fontawesome-webfont3e6e.woff2]
[netgon.ru/themeforest/yourtravelworld_html/fonts/fontawesome-webfont3e6e.woff]
[netgon.ru/themeforest/yourtravelworld_html/fonts/fontawesome-webfont3e6e.eot]
[netgon.ru/themeforest/yourtravelworld_html/fonts/fontawesome-webfont3e6e.svg]
[netgon.ru/themeforest/yourtravelworld_html/css/font-awesome.min.css]
[netgon.ru/themeforest/yourtravelworld_html/css/fontawesome-stars-o.css]
[netgon.ru/themeforest/yourtravelworld_html/css/swiper.min.css]
[netgon.ru/themeforest/yourtravelworld_html/css/jquery.mCustomScrollbar.min.css]
[netgon.ru/themeforest/yourtravelworld_html/css/select2.min.css]
[netgon.ru/themeforest/yourtravelworld_html/css/nouislider.min.css]
[netgon.ru/themeforest/yourtravelworld_html/fonts/fontawesome-webfontd41d.eot]
[netgon.ru/themeforest/yourtravelworld_html/css/blueimp-gallery.min.css]
[netgon.ru/themeforest/yourtravelworld_html/fonts/Icon.woff2]
[netgon.ru/themeforest/yourtravelworld_html/fonts/Icon.eot]
[netgon.ru/themeforest/yourtravelworld_html/fonts/Icon.woff]
[netgon.ru/themeforest/yourtravelworld_html/fonts/fontawesome-webfont3e6e.ttf]
[netgon.ru/themeforest/yourtravelworld_html/fonts/Icond41d.eot]
[netgon.ru/themeforest/yourtravelworld_html/fonts/Icon.ttf]
[netgon.ru/themeforest/yourtravelworld_html/fonts/Icon.svg]
[netgon.ru/themeforest/yourtravelworld_html/style.min.css]
[netgon.ru/themeforest/yourtravelworld_html/skins/style-default.css]
[netgon.ru/themeforest/yourtravelworld_html/css/bootstrap-rtl.min.css]
[netgon.ru/themeforest/yourtravelworld_html/index-2.html]
[netgon.ru/themeforest/yourtravelworld_html/img/avatar-1.jpg]
[netgon.ru/themeforest/yourtravelworld_html/index-account.html]
[netgon.ru/themeforest/yourtravelworld_html/index-video.html]
[netgon.ru/themeforest/yourtravelworld_html/img/ru.png]
[netgon.ru/themeforest/yourtravelworld_html/img/avatar-2.jpg]
[netgon.ru/themeforest/yourtravelworld_html/img/en.png]
[netgon.ru/themeforest/yourtravelworld_html/img/avatar-3.jpg]
[netgon.ru/themeforest/yourtravelworld_html/img/au.png]
[netgon.ru/themeforest/yourtravelworld_html/img/avatar-4.jpg]
[netgon.ru/themeforest/yourtravelworld_html/img/it.png]
[netgon.ru/themeforest/yourtravelworld_html/img/upload/1.jpg]
[netgon.ru/themeforest/yourtravelworld_html/img/upload/2.jpg]
[netgon.ru/themeforest/yourtravelworld_html/img/upload/3.jpg]
[netgon.ru/themeforest/yourtravelworld_html/img/upload/4.jpg]
[netgon.ru/themeforest/yourtravelworld_html/img/upload/5.jpg]
[netgon.ru/themeforest/yourtravelworld_html/img/upload/6.jpg]
[netgon.ru/themeforest/yourtravelworld_html/img/upload/7.jpg]
[netgon.ru/themeforest/yourtravelworld_html/img/upload/8.jpg]
[netgon.ru/themeforest/yourtravelworld_html/img/upload/9.jpg]
[netgon.ru/themeforest/yourtravelworld_html/img/upload/10.jpg]
[netgon.ru/themeforest/yourtravelworld_html/img/hotels/item-16.jpg]
[netgon.ru/themeforest/yourtravelworld_html/img/hotels/item-17.jpg]
[netgon.ru/themeforest/yourtravelworld_html/img/hotels/item-18.jpg]
[netgon.ru/themeforest/yourtravelworld_html/img/american-express.jpg]
[netgon.ru/themeforest/yourtravelworld_html/img/visa.jpg]
[netgon.ru/themeforest/yourtravelworld_html/img/master-card.jpg]
[netgon.ru/themeforest/yourtravelworld_html/img/maestro.jpg]
[netgon.ru/themeforest/yourtravelworld_html/img/discover.jpg]
[netgon.ru/themeforest/yourtravelworld_html/img/avatar-face.jpg]
[netgon.ru/themeforest/yourtravelworld_html/hotel.html]
[netgon.ru/themeforest/yourtravelworld_html/img/air-br.jpg]
[netgon.ru/themeforest/yourtravelworld_html/img/air-en.jpg]
[netgon.ru/themeforest/yourtravelworld_html/img/air-fr.jpg]
[netgon.ru/themeforest/yourtravelworld_html/flights.html]
[netgon.ru/themeforest/yourtravelworld_html/img/banner-bg-air.jpg]
[netgon.ru/themeforest/yourtravelworld_html/img/air-banner-big.png]
[netgon.ru/themeforest/yourtravelworld_html/img/air-banner-small.png]
[netgon.ru/themeforest/yourtravelworld_html/category.html]
[netgon.ru/themeforest/yourtravelworld_html/img/upload/16.jpg]
[netgon.ru/themeforest/yourtravelworld_html/img/upload/14.jpg]
[netgon.ru/themeforest/yourtravelworld_html/about.html]
[netgon.ru/themeforest/yourtravelworld_html/img/blog/1.jpg]
[netgon.ru/themeforest/yourtravelworld_html/img/blog/2.jpg]
[netgon.ru/themeforest/yourtravelworld_html/img/blog/3.jpg]
[netgon.ru/themeforest/yourtravelworld_html/img/blog/4.jpg]
[netgon.ru/themeforest/yourtravelworld_html/img/blog/5.jpg]
[netgon.ru/themeforest/yourtravelworld_html/blog-list.html]
[netgon.ru/themeforest/yourtravelworld_html/img/blog/thumb-1.jpg]
[netgon.ru/themeforest/yourtravelworld_html/blog-post.html]
[netgon.ru/themeforest/yourtravelworld_html/hotel-services.html]
[netgon.ru/themeforest/yourtravelworld_html/hotel-accommodation.html]
[netgon.ru/themeforest/yourtravelworld_html/hotel-reviews.html]
[netgon.ru/themeforest/yourtravelworld_html/booking-traveler.html]
[netgon.ru/themeforest/yourtravelworld_html/booking-payment.html]
[netgon.ru/themeforest/yourtravelworld_html/booking-confirm.html]
[netgon.ru/themeforest/yourtravelworld_html/contacts.html]
[netgon.ru/themeforest/yourtravelworld_html/shortcodes.html]
[netgon.ru/themeforest/yourtravelworld_html/css/images/ui-icons_444444_256x240.html]
[netgon.ru/themeforest/yourtravelworld_html/css/images/ui-icons_555555_256x240.html]
[netgon.ru/themeforest/yourtravelworld_html/css/images/ui-icons_ffffff_256x240.html]
[netgon.ru/themeforest/yourtravelworld_html/css/images/ui-icons_777620_256x240.html]
[netgon.ru/themeforest/yourtravelworld_html/css/images/ui-icons_cc0000_256x240.html]
[netgon.ru/themeforest/yourtravelworld_html/css/images/ui-icons_777777_256x240.html]
[netgon.ru/themeforest/yourtravelworld_html/fonts/fontawesome-webfont3e6e.svg]
[netgon.ru/themeforest/yourtravelworld_html/img/loading.html]
[netgon.ru/themeforest/yourtravelworld_html/img/error.html]
[netgon.ru/themeforest/yourtravelworld_html/img/play-pause.html]
[netgon.ru/themeforest/yourtravelworld_html/img/error-2.html]
[netgon.ru/themeforest/yourtravelworld_html/img/play-pause-2.html]
[netgon.ru/themeforest/yourtravelworld_html/img/video-play.html]
[netgon.ru/themeforest/yourtravelworld_html/img/video-play-2.html]
[netgon.ru/themeforest/yourtravelworld_html/fonts/Icon.svg]
[netgon.ru/themeforest/yourtravelworld_html/img/sprite.html]
[netgon.ru/themeforest/yourtravelworld_html/img/banner-bg-air.jpg]
[netgon.ru/themeforest/yourtravelworld_html/img/upload/14.jpg]
